[2026-09-24T21:37:33.224Z][INFO] Command-line: 'C:\\Program Files\\Unity\\Hub\\Editor\\6000.5.4f1\\Editor\\Data\\Resources\\PackageManager\\Server\\UnityPackageManager.exe' server -s 25172 --ipc-path Unity-Upm-25172 -l 2 --log-file 'C:\\Users\\gusbe\\OneDrive\\Pictures\\CheckPoint\\Mobile Game Dev\\CheckPoint Mobile/Logs/upm.log'
[2026-09-24T21:37:33.277Z][INFO] IPC server started (IPC path=Unity-Upm-25172).
[2026-09-24T21:37:33.277Z][INFO] Hint: To connect to this UPM instance, launch Unity with the command-line parameter -upmIpcPath Upm-25172.
[2026-09-24T21:37:35.888Z][INFO] project:list-packages <-- Request received
params: {}
[2026-09-24T21:37:35.959Z][INFO] project:list-packages <-- Request received
params: {}
[2026-09-24T21:37:35.973Z][INFO] config:project:get-registries <-- Request received
params: {}
[2026-09-24T21:37:35.989Z][INFO] config:project:get-registries --> 200 (17 ms)
[2026-09-24T21:37:36.137Z][INFO] project:list-packages --> 200 (250 ms)
[2026-09-24T21:37:36.187Z][INFO] project:list-packages --> 200 (228 ms)
[2026-09-24T21:37:58.731Z][INFO] project:list-packages <-- Request received
params: {}
[2026-09-24T21:37:58.742Z][INFO] project:list-packages <-- Request received
params: {}
[2026-09-24T21:37:58.920Z][INFO] project:list-packages --> 200 (190 ms)
[2026-09-24T21:37:58.920Z][INFO] project:list-packages --> 200 (178 ms)
[2026-09-24T21:38:00.701Z][INFO] project:list-packages <-- Request received
params: {}
[2026-09-24T21:38:00.830Z][INFO] project:list-packages --> 200 (129 ms)
[2026-09-24T21:38:00.887Z][INFO] config:project:get-registries <-- Request received
params: {}
[2026-09-24T21:38:00.890Z][INFO] config:project:get-registries --> 200 (3 ms)
[2026-09-24T21:38:03.047Z][INFO] packages:get-packageinfo <-- Request received
params: {
  "packageId": "com.unity.collab-proxy"
}
[2026-09-24T21:38:03.565Z][INFO] packages:get-packageinfo --> 200 (518 ms)
[2026-09-24T21:38:04.052Z][INFO] project:list-packages <-- Request received
params: {}
[2026-09-24T21:38:04.206Z][INFO] project:list-packages --> 200 (154 ms)
[2026-09-24T21:38:07.334Z][INFO] project:list-packages <-- Request received
params: {}
[2026-09-24T21:38:08.383Z][INFO] project:list-packages --> 200 (1049 ms)
[2026-09-24T21:42:42.660Z][INFO] project:list-packages <-- Request received
params: {}
[2026-09-24T21:42:42.769Z][INFO] project:list-packages --> 200 (110 ms)
[2026-09-24T21:42:42.898Z][INFO] project:list-packages <-- Request received
params: {}
[2026-09-24T21:42:43.004Z][INFO] project:list-packages --> 200 (106 ms)
[2026-09-24T21:42:43.014Z][INFO] config:project:get-registries <-- Request received
params: {}
[2026-09-24T21:42:43.016Z][INFO] config:project:get-registries --> 200 (2 ms)
[2026-09-24T22:08:39.564Z][INFO] project:list-packages <-- Request received
params: {}
[2026-09-24T22:08:39.699Z][INFO] project:list-packages --> 200 (135 ms)
[2026-09-24T22:08:39.838Z][INFO] project:list-packages <-- Request received
params: {}
[2026-09-24T22:08:39.978Z][INFO] project:list-packages --> 200 (140 ms)
[2026-09-24T22:08:39.980Z][INFO] config:project:get-registries <-- Request received
params: {}
[2026-09-24T22:08:39.982Z][INFO] config:project:get-registries --> 200 (2 ms)
[2026-09-24T22:09:09.590Z][INFO] project:list-packages <-- Request received
params: {}
[2026-09-24T22:09:09.678Z][INFO] project:list-packages --> 200 (88 ms)
[2026-09-24T22:09:09.795Z][INFO] project:list-packages <-- Request received
params: {}
[2026-09-24T22:09:09.901Z][INFO] project:list-packages --> 200 (106 ms)
[2026-09-24T22:09:09.913Z][INFO] config:project:get-registries <-- Request received
params: {}
[2026-09-24T22:09:09.915Z][INFO] config:project:get-registries --> 200 (2 ms)
[2026-09-24T22:09:17.248Z][INFO] project:list-packages <-- Request received
params: {}
[2026-09-24T22:09:17.333Z][INFO] project:list-packages --> 200 (85 ms)
[2026-09-24T22:09:17.458Z][INFO] project:list-packages <-- Request received
params: {}
[2026-09-24T22:09:17.564Z][INFO] project:list-packages --> 200 (106 ms)
[2026-09-24T22:09:17.573Z][INFO] config:project:get-registries <-- Request received
params: {}
[2026-09-24T22:09:17.576Z][INFO] config:project:get-registries --> 200 (3 ms)
[2026-09-24T22:10:50.634Z][INFO] project:list-packages <-- Request received
params: {}
[2026-09-24T22:10:50.723Z][INFO] project:list-packages --> 200 (89 ms)
[2026-09-24T22:10:50.844Z][INFO] project:list-packages <-- Request received
params: {}
[2026-09-24T22:10:50.942Z][INFO] project:list-packages --> 200 (98 ms)
[2026-09-24T22:10:50.963Z][INFO] config:project:get-registries <-- Request received
params: {}
[2026-09-24T22:10:50.966Z][INFO] config:project:get-registries --> 200 (3 ms)
[2026-09-24T22:21:59.611Z][INFO] project:list-packages <-- Request received
params: {}
[2026-09-24T22:21:59.709Z][INFO] project:list-packages --> 200 (98 ms)
[2026-09-24T22:21:59.837Z][INFO] project:list-packages <-- Request received
params: {}
[2026-09-24T22:21:59.940Z][INFO] project:list-packages --> 200 (103 ms)
[2026-09-24T22:21:59.948Z][INFO] config:project:get-registries <-- Request received
params: {}
[2026-09-24T22:21:59.951Z][INFO] config:project:get-registries --> 200 (3 ms)
[2026-09-24T22:22:10.429Z][INFO] project:list-packages <-- Request received
params: {}
[2026-09-24T22:22:10.522Z][INFO] project:list-packages --> 200 (93 ms)
[2026-09-24T22:22:10.655Z][INFO] project:list-packages <-- Request received
params: {}
[2026-09-24T22:22:10.762Z][INFO] project:list-packages --> 200 (107 ms)
[2026-09-24T22:22:10.778Z][INFO] config:project:get-registries <-- Request received
params: {}
[2026-09-24T22:22:10.781Z][INFO] config:project:get-registries --> 200 (3 ms)
[2026-09-24T22:22:56.082Z][INFO] project:list-packages <-- Request received
params: {}
[2026-09-24T22:22:56.171Z][INFO] project:list-packages --> 200 (89 ms)
[2026-09-24T22:22:56.299Z][INFO] project:list-packages <-- Request received
params: {}
[2026-09-24T22:22:56.389Z][INFO] project:list-packages --> 200 (90 ms)
[2026-09-24T22:22:56.400Z][INFO] config:project:get-registries <-- Request received
params: {}
[2026-09-24T22:22:56.403Z][INFO] config:project:get-registries --> 200 (3 ms)
[2026-09-24T22:23:09.432Z][INFO] project:list-packages <-- Request received
params: {}
[2026-09-24T22:23:09.524Z][INFO] project:list-packages --> 200 (92 ms)
[2026-09-24T22:23:09.675Z][INFO] project:list-packages <-- Request received
params: {}
[2026-09-24T22:23:09.784Z][INFO] project:list-packages --> 200 (109 ms)
[2026-09-24T22:23:09.787Z][INFO] config:project:get-registries <-- Request received
params: {}
[2026-09-24T22:23:09.790Z][INFO] config:project:get-registries --> 200 (3 ms)
[2026-09-24T22:23:52.894Z][INFO] project:list-packages <-- Request received
params: {}
[2026-09-24T22:23:52.979Z][INFO] project:list-packages --> 200 (85 ms)
[2026-09-24T22:23:53.127Z][INFO] project:list-packages <-- Request received
params: {}
[2026-09-24T22:23:53.221Z][INFO] project:list-packages --> 200 (94 ms)
[2026-09-24T22:23:53.237Z][INFO] config:project:get-registries <-- Request received
params: {}
[2026-09-24T22:23:53.239Z][INFO] config:project:get-registries --> 200 (2 ms)
[2026-09-24T22:25:44.546Z][INFO] project:list-packages <-- Request received
params: {}
[2026-09-24T22:25:44.633Z][INFO] project:list-packages --> 200 (87 ms)
[2026-09-24T22:25:44.786Z][INFO] project:list-packages <-- Request received
params: {}
[2026-09-24T22:25:44.888Z][INFO] project:list-packages --> 200 (102 ms)
[2026-09-24T22:25:44.906Z][INFO] config:project:get-registries <-- Request received
params: {}
[2026-09-24T22:25:44.909Z][INFO] config:project:get-registries --> 200 (3 ms)
[2026-09-24T22:32:04.513Z][INFO] project:list-packages <-- Request received
params: {}
[2026-09-24T22:32:04.599Z][INFO] project:list-packages --> 200 (86 ms)
[2026-09-24T22:32:04.762Z][INFO] project:list-packages <-- Request received
params: {}
[2026-09-24T22:32:04.868Z][INFO] project:list-packages --> 200 (106 ms)
[2026-09-24T22:32:04.872Z][INFO] config:project:get-registries <-- Request received
params: {}
[2026-09-24T22:32:04.876Z][INFO] config:project:get-registries --> 200 (4 ms)
[2026-09-24T22:37:31.214Z][INFO] project:list-packages <-- Request received
params: {}
[2026-09-24T22:37:31.311Z][INFO] project:list-packages --> 200 (97 ms)
[2026-09-24T22:37:31.429Z][INFO] project:list-packages <-- Request received
params: {}
[2026-09-24T22:37:31.527Z][INFO] project:list-packages --> 200 (98 ms)
[2026-09-24T22:37:31.542Z][INFO] config:project:get-registries <-- Request received
params: {}
[2026-09-24T22:37:31.545Z][INFO] config:project:get-registries --> 200 (3 ms)
[2026-09-24T22:37:41.470Z][INFO] project:list-packages <-- Request received
params: {}
[2026-09-24T22:37:41.559Z][INFO] project:list-packages --> 200 (89 ms)
[2026-09-24T22:37:41.694Z][INFO] project:list-packages <-- Request received
params: {}
[2026-09-24T22:37:41.785Z][INFO] project:list-packages --> 200 (91 ms)
[2026-09-24T22:37:41.814Z][INFO] config:project:get-registries <-- Request received
params: {}
[2026-09-24T22:37:41.817Z][INFO] config:project:get-registries --> 200 (3 ms)
[2026-09-24T22:38:03.190Z][INFO] project:list-packages <-- Request received
params: {}
[2026-09-24T22:38:03.289Z][INFO] project:list-packages --> 200 (99 ms)
[2026-09-24T22:38:03.449Z][INFO] project:list-packages <-- Request received
params: {}
[2026-09-24T22:38:03.556Z][INFO] config:project:get-registries <-- Request received
params: {}
[2026-09-24T22:38:03.558Z][INFO] project:list-packages --> 200 (109 ms)
[2026-09-24T22:38:03.560Z][INFO] config:project:get-registries --> 200 (4 ms)
[2026-09-24T22:38:33.095Z][INFO] project:list-packages <-- Request received
params: {}
[2026-09-24T22:38:33.179Z][INFO] project:list-packages --> 200 (84 ms)
[2026-09-24T22:38:33.331Z][INFO] project:list-packages <-- Request received
params: {}
[2026-09-24T22:38:33.429Z][INFO] project:list-packages --> 200 (98 ms)
[2026-09-24T22:38:33.441Z][INFO] config:project:get-registries <-- Request received
params: {}
[2026-09-24T22:38:33.444Z][INFO] config:project:get-registries --> 200 (3 ms)
[2026-09-24T22:39:09.538Z][INFO] project:list-packages <-- Request received
params: {}
[2026-09-24T22:39:09.628Z][INFO] project:list-packages --> 200 (90 ms)
[2026-09-24T22:39:09.777Z][INFO] project:list-packages <-- Request received
params: {}
[2026-09-24T22:39:09.879Z][INFO] project:list-packages --> 200 (102 ms)
[2026-09-24T22:39:09.889Z][INFO] config:project:get-registries <-- Request received
params: {}
[2026-09-24T22:39:09.892Z][INFO] config:project:get-registries --> 200 (3 ms)
[2026-09-24T22:39:55.274Z][INFO] project:list-packages <-- Request received
params: {}
[2026-09-24T22:39:55.360Z][INFO] project:list-packages --> 200 (86 ms)
[2026-09-24T22:39:55.481Z][INFO] project:list-packages <-- Request received
params: {}
[2026-09-24T22:39:55.575Z][INFO] project:list-packages --> 200 (94 ms)
[2026-09-24T22:39:55.602Z][INFO] config:project:get-registries <-- Request received
params: {}
[2026-09-24T22:39:55.606Z][INFO] config:project:get-registries --> 200 (4 ms)
[2026-09-24T22:39:59.703Z][INFO] project:list-packages <-- Request received
params: {}
[2026-09-24T22:39:59.789Z][INFO] project:list-packages --> 200 (86 ms)
[2026-09-24T22:39:59.934Z][INFO] project:list-packages <-- Request received
params: {}
[2026-09-24T22:40:00.024Z][INFO] project:list-packages --> 200 (90 ms)
[2026-09-24T22:40:00.057Z][INFO] config:project:get-registries <-- Request received
params: {}
[2026-09-24T22:40:00.059Z][INFO] config:project:get-registries --> 200 (2 ms)
[2026-09-24T22:42:16.503Z][INFO] project:list-packages <-- Request received
params: {}
[2026-09-24T22:42:16.589Z][INFO] project:list-packages --> 200 (86 ms)
[2026-09-24T22:42:16.747Z][INFO] project:list-packages <-- Request received
params: {}
[2026-09-24T22:42:16.838Z][INFO] project:list-packages --> 200 (91 ms)
[2026-09-24T22:42:16.864Z][INFO] config:project:get-registries <-- Request received
params: {}
[2026-09-24T22:42:16.868Z][INFO] config:project:get-registries --> 200 (4 ms)
[2026-09-24T22:43:01.729Z][INFO] project:list-packages <-- Request received
params: {}
[2026-09-24T22:43:01.815Z][INFO] project:list-packages --> 200 (86 ms)
[2026-09-24T22:43:01.980Z][INFO] project:list-packages <-- Request received
params: {}
[2026-09-24T22:43:02.069Z][INFO] project:list-packages --> 200 (89 ms)
[2026-09-24T22:43:02.107Z][INFO] config:project:get-registries <-- Request received
params: {}
[2026-09-24T22:43:02.110Z][INFO] config:project:get-registries --> 200 (3 ms)
[2026-09-24T22:43:42.805Z][INFO] project:list-packages <-- Request received
params: {}
[2026-09-24T22:43:42.900Z][INFO] project:list-packages --> 200 (95 ms)
[2026-09-24T22:43:43.040Z][INFO] project:list-packages <-- Request received
params: {}
[2026-09-24T22:43:43.131Z][INFO] project:list-packages --> 200 (91 ms)
[2026-09-24T22:43:43.153Z][INFO] config:project:get-registries <-- Request received
params: {}
[2026-09-24T22:43:43.155Z][INFO] config:project:get-registries --> 200 (2 ms)
[2026-09-24T22:45:22.953Z][INFO] project:list-packages <-- Request received
params: {}
[2026-09-24T22:45:23.040Z][INFO] project:list-packages --> 200 (87 ms)
[2026-09-24T22:45:23.159Z][INFO] project:list-packages <-- Request received
params: {}
[2026-09-24T22:45:23.262Z][INFO] project:list-packages --> 200 (103 ms)
[2026-09-24T22:45:23.287Z][INFO] config:project:get-registries <-- Request received
params: {}
[2026-09-24T22:45:23.290Z][INFO] config:project:get-registries --> 200 (3 ms)
[2026-09-24T22:50:39.544Z][INFO] project:list-packages <-- Request received
params: {}
[2026-09-24T22:50:39.636Z][INFO] project:list-packages --> 200 (92 ms)
[2026-09-24T22:50:39.791Z][INFO] project:list-packages <-- Request received
params: {}
[2026-09-24T22:50:39.899Z][INFO] project:list-packages --> 200 (108 ms)
[2026-09-24T22:50:39.919Z][INFO] config:project:get-registries <-- Request received
params: {}
[2026-09-24T22:50:39.922Z][INFO] config:project:get-registries --> 200 (3 ms)
[2026-09-24T22:52:47.206Z][INFO] project:list-packages <-- Request received
params: {}
[2026-09-24T22:52:47.298Z][INFO] project:list-packages --> 200 (92 ms)
[2026-09-24T22:52:47.411Z][INFO] project:list-packages <-- Request received
params: {}
[2026-09-24T22:52:47.506Z][INFO] project:list-packages --> 200 (95 ms)
[2026-09-24T22:52:47.541Z][INFO] config:project:get-registries <-- Request received
params: {}
[2026-09-24T22:52:47.545Z][INFO] config:project:get-registries --> 200 (4 ms)
[2026-09-24T22:54:21.732Z][INFO] project:list-packages <-- Request received
params: {}
[2026-09-24T22:54:21.823Z][INFO] project:list-packages --> 200 (91 ms)
[2026-09-24T22:54:21.931Z][INFO] project:list-packages <-- Request received
params: {}
[2026-09-24T22:54:22.016Z][INFO] project:list-packages --> 200 (85 ms)
[2026-09-24T22:54:22.046Z][INFO] config:project:get-registries <-- Request received
params: {}
[2026-09-24T22:54:22.048Z][INFO] config:project:get-registries --> 200 (2 ms)
[2026-09-24T22:54:57.589Z][INFO] project:list-packages <-- Request received
params: {}
[2026-09-24T22:54:57.671Z][INFO] project:list-packages --> 200 (82 ms)
[2026-09-24T22:54:57.820Z][INFO] project:list-packages <-- Request received
params: {}
[2026-09-24T22:54:57.908Z][INFO] project:list-packages --> 200 (88 ms)
[2026-09-24T22:54:57.938Z][INFO] config:project:get-registries <-- Request received
params: {}
[2026-09-24T22:54:57.941Z][INFO] config:project:get-registries --> 200 (3 ms)
[2026-09-24T22:56:22.697Z][INFO] project:list-packages <-- Request received
params: {}
[2026-09-24T22:56:22.778Z][INFO] project:list-packages --> 200 (82 ms)
[2026-09-24T22:56:22.932Z][INFO] project:list-packages <-- Request received
params: {}
[2026-09-24T22:56:23.031Z][INFO] project:list-packages --> 200 (99 ms)
[2026-09-24T22:56:23.057Z][INFO] config:project:get-registries <-- Request received
params: {}
[2026-09-24T22:56:23.060Z][INFO] config:project:get-registries --> 200 (3 ms)
[2026-09-24T22:57:26.279Z][INFO] project:list-packages <-- Request received
params: {}
[2026-09-24T22:57:26.365Z][INFO] project:list-packages --> 200 (86 ms)
[2026-09-24T22:57:26.513Z][INFO] project:list-packages <-- Request received
params: {}
[2026-09-24T22:57:26.601Z][INFO] project:list-packages --> 200 (88 ms)
[2026-09-24T22:57:26.625Z][INFO] config:project:get-registries <-- Request received
params: {}
[2026-09-24T22:57:26.628Z][INFO] config:project:get-registries --> 200 (3 ms)
